{"logTime": "0516/184719", "correlationVector":"/sMOm5bXCIXKQbAlKGb5U8.1","action":"SyncServerConnectionManagerRequest", "result":"SYNC_SERVER_OK", "context":{"environment":"Prod_francecentral_prod-s01-062-eur-francecentral", "migrationStage":"NotStarted", "server":"akswtt007000005"}}
{"logTime": "0516/184719", "correlationVector":"/sMOm5bXCIXKQbAlKGb5U8.2","action":"EncryptionKeysManager::SetEncryptionKeys:", "result":"Success", "context":Key names[1]:[HTWzSxASe/CxBhb5dqLDW89fVGemuslyiBzkOFfR9RNC6bqNd9A55HuiNp9oDbbtMgqdd6z7WbEn7pCtYJHA5g==]}
{"logTime": "0516/184719", "correlationVector":"/sMOm5bXCIXKQbAlKGb5U8.3","action":"AAD.GetKeyResponse", "result":"Fail", "context":Keys=0.LastKeyStatus=Empty.State=None.Pending NewKey. Tags: . Emails: ["fpaslop1@upv.edu.es"]}
{"logTime": "0516/184719", "correlationVector":"/sMOm5bXCIXKQbAlKGb5U8.4","action":"ProcessGetUpdates", "result":"Done", "context":{"dataType":"Encryption Keys", "deleted":"0", "process_failed_to_decrypt":"0", "process_pending_decryption":"0", "process_success":"1", "total":"1"}}
{"logTime": "0516/184720", "correlationVector":"seUvDa6RpIJWi9eYjqHCrB","action":"AAD.Mip.Pack:", "result":"Success", "context":MIP_CLOUD_COMMERCIAL:Success}
{"logTime": "0516/184720", "correlationVector":"seUvDa6RpIJWi9eYjqHCrB.0","action":"AAD.AddCommitKey", "result":"Success", "context": Tags: Current_encryption_keys_tag = Empty, Updated_current_encryption_keys_tag = D3z5o9l2eP8D5fy4f6sGCHIQmis9SYNLTyeWSHP3oiQ=. Emails: ["fpaslop1@upv.edu.es"]}
{"logTime": "0516/184720", "correlationVector":"9LX5OpN/zJtodSZFGiYM2i.1","action":"SyncServerConnectionManagerRequest", "result":"SYNC_SERVER_OK", "context":{"environment":"Prod_francecentral_prod-s01-062-eur-francecentral", "migrationStage":"NotStarted", "server":"akswtt00700000v"}}
{"logTime": "0516/184720", "correlationVector":"9LX5OpN/zJtodSZFGiYM2i.3","action":"AAD.CommitKeyResponse", "result":"Success", "context":Committed}
{"logTime": "0516/184720", "correlationVector":"/sMOm5bXCIXKQbAlKGb5U8","action":"Initial GetUpdates", "result":"", "context":Reason: NEW_CLIENT. cV=/sMOm5bXCIXKQbAlKGb5U8}
{"logTime": "0516/184720", "correlationVector":"/sMOm5bXCIXKQbAlKGb5U8.5","action":"GetUpdates Response", "result":"Success", "context":Received 1 update(s). cV=/sMOm5bXCIXKQbAlKGb5U8.0;server=akswtt007000005;cloudType=Multitenant;environment=Prod_francecentral_prod-s01-062-eur-francecentral;migrationStage=NotStarted}
{"logTime": "0516/184720", "correlationVector":"9LX5OpN/zJtodSZFGiYM2i","action":"Commit Request", "result":"", "context":Item count: 1
Contributing types: Encryption Keys}
{"logTime": "0516/184720", "correlationVector":"9LX5OpN/zJtodSZFGiYM2i.2","action":"Commit Response", "result":"Success", "context":Result: Success. cV=9LX5OpN/zJtodSZFGiYM2i.0;server=akswtt00700000v;cloudType=Multitenant;environment=Prod_francecentral_prod-s01-062-eur-francecentral;migrationStage=NotStarted}
{"logTime": "0516/184720", "correlationVector":"BCjMgzkIQfH95OtDLVRm4l","action":"Initial GetUpdates", "result":"", "context":Reason: NEW_CLIENT. cV=BCjMgzkIQfH95OtDLVRm4l}
{"logTime": "0516/184720", "correlationVector":"BCjMgzkIQfH95OtDLVRm4l.1","action":"SyncServerConnectionManagerRequest", "result":"SYNC_SERVER_OK", "context":{"environment":"Prod_francecentral_prod-s01-062-eur-francecentral", "migrationStage":"NotStarted", "server":"akswtt00700001g"}}
{"logTime": "0516/184720", "correlationVector":"BCjMgzkIQfH95OtDLVRm4l.2","action":"ProcessGetUpdates", "result":"Done", "context":{"dataType":"Encryption Keys", "deleted":"0", "process_failed_to_decrypt":"0", "process_pending_decryption":"0", "process_success":"1", "total":"1"}}
{"logTime": "0516/184720", "correlationVector":"BCjMgzkIQfH95OtDLVRm4l.3","action":"GetUpdates Response", "result":"Success", "context":Received 1 update(s). cV=BCjMgzkIQfH95OtDLVRm4l.0;server=akswtt00700001g;cloudType=Multitenant;environment=Prod_francecentral_prod-s01-062-eur-francecentral;migrationStage=NotStarted}
{"logTime": "0516/184720", "correlationVector":"xWIIurAi4lfwwVHkVA67hX","action":"Initial GetUpdates", "result":"", "context":Reason: NEW_CLIENT. cV=xWIIurAi4lfwwVHkVA67hX}
{"logTime": "0516/184720", "correlationVector":"xWIIurAi4lfwwVHkVA67hX.1","action":"SyncServerConnectionManagerRequest", "result":"SYNC_SERVER_OK", "context":{"environment":"Prod_francecentral_prod-s01-062-eur-francecentral", "migrationStage":"NotStarted", "server":"akswtt007000000"}}
{"logTime": "0516/184720", "correlationVector":"xWIIurAi4lfwwVHkVA67hX.2","action":"ProcessGetUpdates", "result":"Done", "context":{"dataType":"Bookmarks", "deleted":"0", "process_failed_to_decrypt":"0", "process_pending_decryption":"0", "process_success":"5", "total":"5"}}
{"logTime": "0516/184720", "correlationVector":"xWIIurAi4lfwwVHkVA67hX.3","action":"GetUpdates Response", "result":"Success", "context":Received 5 update(s). cV=xWIIurAi4lfwwVHkVA67hX.0;server=akswtt007000000;cloudType=Multitenant;environment=Prod_francecentral_prod-s01-062-eur-francecentral;migrationStage=NotStarted}
{"logTime": "0516/184720", "correlationVector":"rRZ5bL4UP1CRxlQou11FwP","action":"Initial GetUpdates", "result":"", "context":Reason: NEW_CLIENT. cV=rRZ5bL4UP1CRxlQou11FwP}
{"logTime": "0516/184720", "correlationVector":"rRZ5bL4UP1CRxlQou11FwP.1","action":"SyncServerConnectionManagerRequest", "result":"SYNC_SERVER_OK", "context":{"environment":"Prod_francecentral_prod-s01-062-eur-francecentral", "migrationStage":"NotStarted", "server":"akswtt00700000z"}}
{"logTime": "0516/184720", "correlationVector":"rRZ5bL4UP1CRxlQou11FwP.2","action":"ProcessGetUpdates", "result":"Done", "context":{"dataType":"Autofill", "deleted":"0", "process_failed_to_decrypt":"0", "process_pending_decryption":"0", "process_success":"1", "total":"1"}}
{"logTime": "0516/184720", "correlationVector":"rRZ5bL4UP1CRxlQou11FwP.3","action":"GetUpdates Response", "result":"Success", "context":Received 1 update(s). cV=rRZ5bL4UP1CRxlQou11FwP.0;server=akswtt00700000z;cloudType=Multitenant;environment=Prod_francecentral_prod-s01-062-eur-francecentral;migrationStage=NotStarted}
{"logTime": "0516/184720", "correlationVector":"l8nMKePP+FqJN6zHhE4c7t","action":"Initial GetUpdates", "result":"", "context":Reason: NEW_CLIENT. cV=l8nMKePP+FqJN6zHhE4c7t}
{"logTime": "0516/184720", "correlationVector":"l8nMKePP+FqJN6zHhE4c7t.1","action":"SyncServerConnectionManagerRequest", "result":"SYNC_SERVER_OK", "context":{"environment":"Prod_francecentral_prod-s01-062-eur-francecentral", "migrationStage":"NotStarted", "server":"akswtt00700003y"}}
{"logTime": "0516/184720", "correlationVector":"l8nMKePP+FqJN6zHhE4c7t.2","action":"GetUpdates Response", "result":"Success", "context":Received 0 update(s). cV=l8nMKePP+FqJN6zHhE4c7t.0;server=akswtt00700003y;cloudType=Multitenant;environment=Prod_francecentral_prod-s01-062-eur-francecentral;migrationStage=NotStarted}
{"logTime": "0516/184721", "correlationVector":"Zi8a2RA0jLCeeHO85pFm7j","action":"Normal GetUpdate request", "result":"", "context":cV=Zi8a2RA0jLCeeHO85pFm7j
Nudged types: Bookmarks, Preferences, Sessions, Device Info, User Consents, Encryption Keys
Refresh requested types: Bookmarks, Preferences, Passwords, Autofill Profiles, Autofill, Extensions, Sessions, Extension settings, History Delete Directives, Device Info, User Consents, Send Tab To Self, Web Apps, History, Saved Tab Group, Collection, Edge E Drop, Edge Hub App Usage, Edge Tab Group, Edge Wallet, Encryption Keys}
{"logTime": "0516/184721", "correlationVector":"Zi8a2RA0jLCeeHO85pFm7j.1","action":"SyncServerConnectionManagerRequest", "result":"SYNC_SERVER_OK", "context":{"environment":"Prod_francecentral_prod-s01-062-eur-francecentral", "migrationStage":"NotStarted", "server":"akswtt007000040"}}
{"logTime": "0516/184721", "correlationVector":"Zi8a2RA0jLCeeHO85pFm7j.2","action":"GetUpdates Response", "result":"Success", "context":Received 0 update(s). cV=Zi8a2RA0jLCeeHO85pFm7j.0;server=akswtt007000040;cloudType=Multitenant;environment=Prod_francecentral_prod-s01-062-eur-francecentral;migrationStage=NotStarted}
{"logTime": "0516/184721", "correlationVector":"1sR/UZD3VZI0cAxbx7uJF0","action":"Commit Request", "result":"", "context":Item count: 33
Contributing types: Bookmarks, Preferences, Sessions, Device Info, User Consents}
{"logTime": "0516/184722", "correlationVector":"1sR/UZD3VZI0cAxbx7uJF0.1","action":"SyncServerConnectionManagerRequest", "result":"SYNC_SERVER_OK", "context":{"environment":"Prod_francecentral_prod-s01-062-eur-francecentral", "migrationStage":"NotStarted", "server":"akswtt007000035"}}
{"logTime": "0516/184722", "correlationVector":"1sR/UZD3VZI0cAxbx7uJF0.2","action":"Commit Response", "result":"Success", "context":Result: Success. cV=1sR/UZD3VZI0cAxbx7uJF0.0;server=akswtt007000035;cloudType=Multitenant;environment=Prod_francecentral_prod-s01-062-eur-francecentral;migrationStage=NotStarted}
